srmech 0.9.0rc472 HAS_NATIVE False numpy ABSENT file D:\GitHub/mlehaptics/docs/srmech/python\srmech\math\kepler.py

=== A. E(M)-M harmonics of Kepler's equation vs eps^k/k vs (2/k)J_k(ke) ===
e=0.0167
  k   Kepler(E-M)      eps^k/k         (2/k)J_k(ke)     Kepler/(eps^k/k)   Kepler/Bessel
  1    0.016699418    0.016700000    0.016699418    0.999965           1.000000000
  2    0.000139432    0.000139445    0.000139432    0.999907           1.000000000
  3    0.000001746    0.000001552    0.000001746    1.124824           1.000000000
  4    0.000000026    0.000000019    0.000000026    1.333036           0.999999999
  5    0.000000000    0.000000000    0.000000000    1.627131           0.999999960
  6    0.000000000    0.000000000    0.000000000    2.024268           0.999997207
e=0.1
  k   Kepler(E-M)      eps^k/k         (2/k)J_k(ke)     Kepler/(eps^k/k)   Kepler/Bessel
  1    0.099875052    0.100000000    0.099875052    0.998751           1.000000000
  2    0.004983354    0.005000000    0.004983354    0.996671           1.000000000
  3    0.000372895    0.000333333    0.000372895    1.118686           1.000000000
  4    0.000033068    0.000025000    0.000033068    1.322702           1.000000000
  5    0.000003221    0.000002000    0.000003221    1.610725           1.000000000
  6    0.000000333    0.000000167    0.000000333    1.999110           1.000000000
e=0.3
  k   Kepler(E-M)      eps^k/k         (2/k)J_k(ke)     Kepler/(eps^k/k)   Kepler/Bessel
  1    0.296637633    0.300000000    0.296637633    0.988792           1.000000000
  2    0.043665097    0.045000000    0.043665097    0.970335           1.000000000
  3    0.009622686    0.009000000    0.009622686    1.069187           1.000000000
  4    0.002511333    0.002025000    0.002511333    1.240165           1.000000000
  5    0.000719769    0.000486000    0.000719769    1.481006           1.000000000
  6    0.000218966    0.000121500    0.000218966    1.802192           1.000000000
e=0.618
  k   Kepler(E-M)      eps^k/k         (2/k)J_k(ke)     Kepler/(eps^k/k)   Kepler/Bessel
  1    0.588962159    0.618000000    0.588962159    0.953013           1.000000000
  2    0.167782542    0.190962000    0.167782542    0.878617           1.000000000
  3    0.071054242    0.078676344    0.071054242    0.903121           1.000000000
  4    0.035526103    0.036466485    0.035526103    0.974212           1.000000000
  5    0.019474954    0.018029030    0.019474954    1.080200           1.000000000
  6    0.011320745    0.009284951    0.011320745    1.219257           1.000000000

=== B. Earth e=0.0167: TRUE-anomaly equation of centre nu-M vs Spike #30B numbers vs (2e)^k/k ===
  k   measured nu-M    closed-form (2e,5/4e^2,13/12e^3,103/96e^4)   (2e)^k/k     Spike#30B recorded
  1    3.339884e-02     3.340000e-02                               3.340000e-02   0.0334
  2    3.485769e-04     3.486125e-04                               5.577800e-04   0.0003486
  3    5.044712e-06     5.045585e-06                               1.241990e-05   5.045e-06
  4    8.343068e-08     8.345106e-08                               3.111185e-07   None
  ratio measured/(2e)^k/k at k=2: 0.6249   (5/4)/2 = 0.6250

=== C. The strict-K fit does NOT discriminate: r2 of log(c_k k) ~ a + b k on TRUE Kepler coefficients ===
  e=0.0167: TRUE Kepler E-M k=1..6  r2=0.99991 eps_fit=0.0194 | Bessel closed form r2=0.99991 eps_fit=0.0194 | eps^k/k would give r2=1.0000 eps_fit=0.0167
  e=0.3: TRUE Kepler E-M k=1..6  r2=0.99877 eps_fit=0.3404 | Bessel closed form r2=0.99877 eps_fit=0.3404 | eps^k/k would give r2=1.0000 eps_fit=0.3
  e=0.618: TRUE Kepler E-M k=1..6  r2=0.99308 eps_fit=0.6530 | Bessel closed form r2=0.99308 eps_fit=0.6530 | eps^k/k would give r2=1.0000 eps_fit=0.618

=== D. Pin-slot atan2(sin M, cos M - eps) IS exactly eps^k/k (eccentric-circle equation of centre), not Kepler ===
  eps=0.1146: ratio to eps^k/k k=1..5: 1.000000000 1.000000000 1.000000000 1.000000000 1.000000000
  eps=0.3: ratio to eps^k/k k=1..5: 1.000000000 1.000000000 1.000000000 1.000000000 1.000000000
  srmech kepler.pin_slot(th,0.3,1.0) coeffs k=1..5: +0.300000 -0.045000 +0.009000 -0.002025 +0.000486  | eps^k/k: 0.300000 0.045000 0.009000 0.002025 0.000486

=== E. Spike #41 'Fibonacci psi-decay IS Kepler EOC at e=|psi|': |psi|^k/k vs TRUE Kepler harmonics at e=0.618 ===
  k   |psi|^k/k      Kepler E-M at e=0.618   ratio
  1    0.618034      0.588962               1.0494
  2    0.190983      0.167783               1.1383
  3    0.078689      0.071054               1.1075
  4    0.036475      0.035526               1.0267
  5    0.018034      0.019475               0.9260
  6    0.009288      0.011321               0.8204

=== F. Cross-truncation: depth-n one-pin cascade vs K-mode harmonic truncation — related by an exact correspondence, or only by the limit? ===
  F1. depth-n cascade harmonic error c_k^(n)(e) - c_k^Kepler(e), and its scaling exponent in e (log-ratio e=0.1 vs 0.2)
    depth 1: |err| at e=0.2 k=1..6 = 9.98e-04 1.97e-02 2.93e-03 5.16e-04 9.99e-05 2.05e-05  | exponent = 3.00 1.99 2.98 3.97 4.95 5.94
    depth 2: |err| at e=0.2 k=1..6 = 1.99e-03 1.99e-04 1.94e-03 4.83e-04 9.91e-05 2.05e-05  | exponent = 3.00 3.99 2.97 3.96 4.95 5.94
    depth 3: |err| at e=0.2 k=1..6 = 5.92e-05 3.93e-04 9.45e-06 1.92e-04 6.67e-05 1.73e-05  | exponent = 4.99 3.98 4.94 3.96 4.95 5.94
    depth 4: |err| at e=0.2 k=1..6 = 4.03e-05 1.08e-05 5.76e-05 7.57e-06 2.00e-05 8.62e-06  | exponent = 5.01 5.98 4.95 5.94 5.00 5.95
  F2. harmonic support of the depth-n cascade (which k are nonzero at e=0.3)
    depth 1: c_k k=1..8 = 3.00e-01 2.56e-17 1.59e-18 -1.31e-17 2.58e-17 -1.95e-17 -2.02e-17 5.25e-18
    depth 2: c_k k=1..8 = 2.90e-01 4.47e-02 3.34e-03 1.68e-04 6.29e-06 1.89e-07 4.73e-09 1.01e-10
    depth 3: c_k k=1..8 = 2.97e-01 4.17e-02 9.56e-03 1.59e-03 2.44e-04 3.48e-05 4.67e-06 5.96e-07
  F3. pointwise error of the two truncation frames at e=0.7 (beyond the Laplace limit 0.6627 of the POWER series in e)
    n= 1: depth-n cascade max err 3.096e-01   |   n-mode harmonic max err 3.262e-01
    n= 2: depth-n cascade max err 1.654e-01   |   n-mode harmonic max err 1.928e-01
    n= 4: depth-n cascade max err 5.752e-02   |   n-mode harmonic max err 8.433e-02
    n= 8: depth-n cascade max err 9.402e-03   |   n-mode harmonic max err 2.256e-02
    n=16: depth-n cascade max err 3.674e-04   |   n-mode harmonic max err 2.566e-03
    n=32: depth-n cascade max err 8.394e-07   |   n-mode harmonic max err 5.999e-05
  F4. per-step contraction of the iteration is e (=0.7); per-mode decay of the Bessel series ~ rho(e)=0.8341 (at e=0.3: rho=0.3986); Laplace limit 0.6627434 is where rho(e)=1: rho(0.6627434)=0.801334
