srmech 0.9.0rc472 HAS_NATIVE False numpy ABSENT
srmech.__version__                                           OK       mod=srmech str
srmech.amsc                                                  OK       mod=srmech.amsc module
srmech.amsc._native                                          PARTIAL  mod=srmech.amsc _native
srmech.amsc.antikythera                                      PARTIAL  mod=srmech.amsc antikythera
srmech.amsc.antikythera.lunar_dial                           PARTIAL  mod=srmech.amsc antikythera
srmech.amsc.cascade                                          PARTIAL  mod=srmech.amsc cascade
srmech.amsc.catalog                                          OK       mod=srmech.amsc.catalog module
srmech.amsc.catalog.register_attested_root                   OK       mod=srmech.amsc.catalog function
srmech.amsc.cmb_residual.smica_nilc_compare                  PARTIAL  mod=srmech.amsc cmb_residual
srmech.amsc.cyclic                                           PARTIAL  mod=srmech.amsc cyclic
srmech.amsc.dispatch                                         PARTIAL  mod=srmech.amsc dispatch
srmech.amsc.dna                                              PARTIAL  mod=srmech.amsc dna
srmech.amsc.factorise                                        PARTIAL  mod=srmech.amsc factorise
srmech.amsc.format                                           OK       mod=srmech.amsc.format module
srmech.amsc.format.sha256_bytes                              OK       mod=srmech.amsc.format function
srmech.amsc.gap_suggester                                    OK       mod=srmech.amsc.gap_suggester module
srmech.amsc.hdc                                              PARTIAL  mod=srmech.amsc hdc
srmech.amsc.introspect                                       PARTIAL  mod=srmech.amsc introspect
srmech.amsc.kepler                                           PARTIAL  mod=srmech.amsc kepler
srmech.amsc.laplacian                                        PARTIAL  mod=srmech.amsc laplacian
srmech.amsc.laplacian.dense_laplacian                        PARTIAL  mod=srmech.amsc laplacian
srmech.amsc.laplacian.hermitian_eigendecompose               PARTIAL  mod=srmech.amsc laplacian
srmech.amsc.laplacian.jacobi_eigvals                         PARTIAL  mod=srmech.amsc laplacian
srmech.amsc.hdc.bind                                         PARTIAL  mod=srmech.amsc hdc
srmech.amsc.hdc.bundle                                       PARTIAL  mod=srmech.amsc hdc
srmech.amsc.hdc.permute                                      PARTIAL  mod=srmech.amsc hdc
srmech.amsc.hdc.similarity                                   PARTIAL  mod=srmech.amsc hdc
srmech.amsc.rational.continued_fraction                      PARTIAL  mod=srmech.amsc rational
srmech.amsc.rational.best_rational                           PARTIAL  mod=srmech.amsc rational
srmech.amsc.mtheory.bipartite_modes                          PARTIAL  mod=srmech.amsc mtheory
srmech.amsc.mycorrhizal.band_membership                      PARTIAL  mod=srmech.amsc mycorrhizal
srmech.amsc.ndjson                                           PARTIAL  mod=srmech.amsc ndjson
srmech.amsc.octopus                                          PARTIAL  mod=srmech.amsc octopus
srmech.amsc.physarum                                         PARTIAL  mod=srmech.amsc physarum
srmech.amsc.protein.ramachandran                             PARTIAL  mod=srmech.amsc protein
srmech.amsc.rational                                         PARTIAL  mod=srmech.amsc rational
srmech.amsc.search                                           PARTIAL  mod=srmech.amsc search
srmech.amsc.template                                         PARTIAL  mod=srmech.amsc template
srmech.amsc.tlv                                              PARTIAL  mod=srmech.amsc tlv
srmech.amsc.tool_schema                                      PARTIAL  mod=srmech.amsc tool_schema
srmech.amsc.tool_schema.get_tool_schema                      PARTIAL  mod=srmech.amsc tool_schema
srmech.amsc.tool_schema.tool_schema_view                     PARTIAL  mod=srmech.amsc tool_schema
srmech.amsc.verify_attestation                               PARTIAL  mod=srmech.amsc verify_attestation
srmech.amsc.verify_attestation.bytes                         PARTIAL  mod=srmech.amsc verify_attestation
srmech.asymptotic_dof.toy_modulation_time                    PARTIAL  mod=srmech asymptotic_dof
srmech.calculus.cycle_derivative                             PARTIAL  mod=srmech.calculus cycle_derivative
srmech.cascade                                               OK       mod=srmech.cascade module
srmech.cascade.cauchy_kernel                                 PARTIAL  mod=srmech.cascade cauchy_kernel
srmech.cascade.fft_decomposition                             PARTIAL  mod=srmech.cascade fft_decomposition
srmech.cascade.recursive_hopf_signs                          PARTIAL  mod=srmech.cascade recursive_hopf_signs
srmech.cascade.ring_equilibrium_attractor                    PARTIAL  mod=srmech.cascade ring_equilibrium_attractor
srmech.cascade.shifted_circle_eigenvalues                    PARTIAL  mod=srmech.cascade shifted_circle_eigenvalues
srmech.catalogue.class_frequency                             PARTIAL  mod=srmech catalogue
srmech.cognition.proof_check_cascade                         PARTIAL  mod=srmech cognition
srmech.cosmology.dark_ratio_trajectory                       PARTIAL  mod=srmech cosmology
srmech.cosmology.hubble_tension                              PARTIAL  mod=srmech cosmology
srmech.dark_sector.coupling_intensity                        PARTIAL  mod=srmech dark_sector
srmech.geometry.hopf.complex_project                         PARTIAL  mod=srmech geometry
srmech.geometry.hopf.octonionic_project                      PARTIAL  mod=srmech geometry
srmech.gr.isco.efficiency                                    PARTIAL  mod=srmech gr
srmech.kepler.solve                                          PARTIAL  mod=srmech kepler
srmech.list_profiles                                         OK       mod=srmech function
srmech.profile                                               OK       mod=srmech function
srmech.precession.omega_sub                                  PARTIAL  mod=srmech precession
srmech.qm                                                    PARTIAL  mod=srmech qm
srmech.qm.bell                                               PARTIAL  mod=srmech qm
srmech.qm.bell.chsh_operator_norm                            PARTIAL  mod=srmech qm
srmech.qm.propagators                                        PARTIAL  mod=srmech qm
srmech.qm.qft.decompose                                      PARTIAL  mod=srmech qm
srmech.qm.relativistic                                       PARTIAL  mod=srmech qm
srmech.qm.relativistic.schwarzschild_isco_efficiency         PARTIAL  mod=srmech qm
srmech.qm.single_particle                                    PARTIAL  mod=srmech qm
srmech.qm.spin                                               PARTIAL  mod=srmech qm
srmech.shadows                                               PARTIAL  mod=srmech shadows
srmech.signal_processing                                     OK       mod=srmech.signal_processing module
srmech.spectral                                              OK       mod=srmech.spectral module
srmech.math.cyclic                                           OK       mod=srmech.math.cyclic module
srmech.math.dispatch                                         OK       mod=srmech.math.dispatch module
srmech.math.primes                                           OK       mod=srmech.math.primes module
srmech.math.hdc                                              OK       mod=srmech.math.hdc module
srmech.math.kepler                                           OK       mod=srmech.math.kepler module
srmech.math.kepler.kepler_solve                              OK       mod=srmech.math.kepler function
srmech.math.kepler.pin_slot                                  OK       mod=srmech.math.kepler function
srmech.math.laplacian                                        OK       mod=srmech.math.laplacian module
srmech.math.rational                                         OK       mod=srmech.math.rational module
srmech.math.search                                           OK       mod=srmech.math.search module
srmech.math.template                                         OK       mod=srmech.math.template module
srmech.math.tlv                                              OK       mod=srmech.math.tlv module
srmech.introspect.tool_schema.get_tool_schema                OK       mod=srmech.introspect.tool_schema function
srmech.introspect.tool_schema.tool_schema_view               OK       mod=srmech.introspect.tool_schema function
srmech._native                                               OK       mod=srmech._native module
srmech._native.HAS_NATIVE                                    OK       mod=srmech._native bool
srmech.physics.qm                                            OK       mod=srmech.physics.qm module
srmech.physics.qm.bell                                       OK       mod=srmech.physics.qm.bell module
srmech.physics.qm.bell.chsh_operator_norm                    OK       mod=srmech.physics.qm.bell function
srmech.physics.qm.relativistic                               OK       mod=srmech.physics.qm.relativistic module
srmech.physics.qm.relativistic.schwarzschild_isco_efficiency PARTIAL  mod=srmech.physics.qm.relativistic schwarzschild_isco_efficiency
srmech.physics.qm.single_particle                            OK       mod=srmech.physics.qm.single_particle module
srmech.physics.qm.spin                                       OK       mod=srmech.physics.qm.spin module
srmech.physics.qm.propagators                                OK       mod=srmech.physics.qm.propagators module
srmech.amsc.format.verify_attestation                        PARTIAL  mod=srmech.amsc.format verify_attestation
srmech.amsc.catalog.verify_attestation                       PARTIAL  mod=srmech.amsc.catalog verify_attestation
srmech.amsc.descriptor                                       OK       mod=srmech.amsc.descriptor module
srmech.cascade.compose                                       OK       mod=srmech.cascade.compose module
srmech.spectral.decompose                                    OK       mod=srmech.spectral function
srmech.signal_processing.closed_form_ops.pi_cascade          OK       mod=srmech.signal_processing.closed_form_ops.pi_cascade module
srmech.cascade.one.winding_fold                              OK       mod=srmech.cascade.one function
srmech.music.bessel_j_fixed                                  OK       mod=srmech.music function
srmech.music.commensurability_verdict                        OK       mod=srmech.music function
srmech.music.spectrum_tier                                   OK       mod=srmech.music function
srmech.math.laplacian.cyclic_laplacian_spectrum              OK       mod=srmech.math.laplacian function
srmech.asymptotic_calculus                                   OK       mod=srmech.asymptotic_calculus module
srmech.calculus                                              OK       mod=srmech.calculus module
